// Jest Snapshot v1, https://goo.gl/fbAQLP

exports[`<Home/> component Should be rendered properly 1`] = `
<View
  style={
    Object {
      "flex": 1,
    }
  }
>
  <View>
    <TextInput
      allowFontScaling={true}
      onChangeText={[Function]}
      placeholder="Enter movie title"
      rejectResponderTermination={true}
      style={
        Object {
          "alignSelf": "center",
          "fontSize": 20,
          "paddingVertical": 10,
          "width": "90%",
        }
      }
      underlineColorAndroid="transparent"
      value=""
    />
    <View
      accessible={true}
      isTVSelectable={true}
      onResponderGrant={[Function]}
      onResponderMove={[Function]}
      onResponderRelease={[Function]}
      onResponderTerminate={[Function]}
      onResponderTerminationRequest={[Function]}
      onStartShouldSetResponder={[Function]}
      style={
        Object {
          "opacity": 1,
        }
      }
    >
      <Text
        style={
          Object {
            "alignSelf": "center",
            "backgroundColor": "#e53935",
            "color": "#fff",
            "fontSize": 15,
            "fontWeight": "bold",
            "paddingVertical": 12,
            "textAlign": "center",
            "width": "90%",
          }
        }
      >
        Search
      </Text>
    </View>
  </View>
  <RCTScrollView
    ListFooterComponent={[Function]}
    data={Array []}
    disableVirtualization={false}
    getItem={[Function]}
    getItemCount={[Function]}
    horizontal={false}
    initialNumToRender={3}
    keyExtractor={[Function]}
    maxToRenderPerBatch={10}
    numColumns={1}
    onContentSizeChange={[Function]}
    onEndReached={[Function]}
    onEndReachedThreshold={0.5}
    onLayout={[Function]}
    onMomentumScrollEnd={[Function]}
    onScroll={[Function]}
    onScrollBeginDrag={[Function]}
    onScrollEndDrag={[Function]}
    removeClippedSubviews={false}
    renderItem={[Function]}
    scrollEventThrottle={50}
    stickyHeaderIndices={Array []}
    updateCellsBatchingPeriod={50}
    viewabilityConfigCallbackPairs={Array []}
    windowSize={21}
  >
    <View>
      <View
        onLayout={[Function]}
      />
    </View>
  </RCTScrollView>
</View>
`;
