// Jest Snapshot v1, https://goo.gl/fbAQLP

exports[`<VideoCard /> component Should be rendered properly 1`] = `
<View>
  <Text>
    Cool Runnings
  </Text>
  <Image
    defaultSource={
      Object {
        "testUri": "../../../src/images/not_available.png",
      }
    }
    source={
      Object {
        "uri": "https://m.media-amazon.com/images/M/MV5BMjMxMTQ3MzMwMV5BMl5BanBnXkFtZTgwNTYxNzYxMTE@._V1_SX300.jpg",
      }
    }
    style={
      Object {
        "height": 200,
        "resizeMode": "contain",
        "width": 200,
      }
    }
  />
  <Text>
    1993
  </Text>
  <Text>
    movie
  </Text>
</View>
`;
